[0.000000] (-) TimerEvent: {}
[0.000594] (coordinator) JobQueued: {'identifier': 'coordinator', 'dependencies': OrderedDict()}
[0.001129] (coordinator) JobStarted: {'identifier': 'coordinator'}
[0.020988] (coordinator) JobProgress: {'identifier': 'coordinator', 'progress': 'cmake'}
[0.022578] (coordinator) JobProgress: {'identifier': 'coordinator', 'progress': 'build'}
[0.023966] (coordinator) Command: {'cmd': ['/usr/bin/cmake', '--build', '/home/avees/coordinator/build/coordinator', '--', '-j6', '-l6'], 'cwd': '/home/avees/coordinator/build/coordinator', 'env': OrderedDict([('GJS_DEBUG_TOPICS', 'JS ERROR;JS LOG'), ('LESSOPEN', '| /usr/bin/lesspipe %s'), ('USER', 'avees'), ('SSH_AGENT_PID', '2686'), ('XDG_SESSION_TYPE', 'x11'), ('SHLVL', '1'), ('LD_LIBRARY_PATH', '/opt/Vimba_6_0/VimbaCPP/DynamicLib/arm_64bit:/opt/Vimba_6_0/VimbaC/DynamicLib/arm_64bit:/opt/Vimba_6_0/VimbaCPP/DynamicLib/arm_64bit:/opt/Vimba_6_0/VimbaC/DynamicLib/arm_64bit:/opt/Vimba_6_0/VimbaCPP/DynamicLib/arm_64bit:/opt/Vimba_6_0/VimbaC/DynamicLib/arm_64bit:/usr/local/cuda-11.4/lib64:/opt/ros/foxy/opt/yaml_cpp_vendor/lib:/opt/ros/foxy/opt/rviz_ogre_vendor/lib:/opt/ros/foxy/lib/aarch64-linux-gnu:/opt/ros/foxy/lib'), ('HOME', '/home/avees'), ('OLDPWD', '/home/avees/data-domain'), ('DESKTOP_SESSION', 'ubuntu'), ('ROS_PYTHON_VERSION', '3'), ('GNOME_SHELL_SESSION_MODE', 'ubuntu'), ('GTK_MODULES', 'gail:atk-bridge'), ('MANAGERPID', '2556'), ('DBUS_SESSION_BUS_ADDRESS', 'unix:path=/run/user/1000/bus'), ('COLORTERM', 'truecolor'), ('IM_CONFIG_PHASE', '1'), ('COLCON_PREFIX_PATH', '/home/avees/coordinator/install'), ('ROS_DISTRO', 'foxy'), ('LOGNAME', 'avees'), ('JOURNAL_STREAM', '8:54123'), ('_', '/usr/bin/colcon'), ('ROS_VERSION', '2'), ('XDG_SESSION_CLASS', 'user'), ('USERNAME', 'avees'), ('TERM', 'xterm-256color'), ('GNOME_DESKTOP_SESSION_ID', 'this-is-deprecated'), ('ROS_LOCALHOST_ONLY', '0'), ('WINDOWPATH', '2'), ('PATH', '/usr/local/cuda-11.4/bin:/opt/ros/foxy/bin:/usr/local/sbin:/usr/local/bin:/usr/sbin:/usr/bin:/sbin:/bin:/usr/games:/usr/local/games:/snap/bin'), ('SESSION_MANAGER', 'local/ubuntu:@/tmp/.ICE-unix/2721,unix/ubuntu:/tmp/.ICE-unix/2721'), ('INVOCATION_ID', 'c8bd77c8e00a48a3b7f339af5d8bb588'), ('XDG_MENU_PREFIX', 'gnome-'), ('GNOME_TERMINAL_SCREEN', '/org/gnome/Terminal/screen/009a000b_663e_4833_836e_7b18c9467146'), ('XDG_RUNTIME_DIR', '/run/user/1000'), ('DISPLAY', ':1'), ('LANG', 'en_US.UTF-8'), ('XDG_CURRENT_DESKTOP', 'ubuntu:GNOME'), ('XMODIFIERS', '@im=ibus'), ('XDG_SESSION_DESKTOP', 'ubuntu'), ('XAUTHORITY', '/run/user/1000/gdm/Xauthority'), ('LS_COLORS', 'rs=0:di=01;34:ln=01;36:mh=00:pi=40;33:so=01;35:do=01;35:bd=40;33;01:cd=40;33;01:or=40;31;01:mi=00:su=37;41:sg=30;43:ca=30;41:tw=30;42:ow=34;42:st=37;44:ex=01;32:*.tar=01;31:*.tgz=01;31:*.arc=01;31:*.arj=01;31:*.taz=01;31:*.lha=01;31:*.lz4=01;31:*.lzh=01;31:*.lzma=01;31:*.tlz=01;31:*.txz=01;31:*.tzo=01;31:*.t7z=01;31:*.zip=01;31:*.z=01;31:*.dz=01;31:*.gz=01;31:*.lrz=01;31:*.lz=01;31:*.lzo=01;31:*.xz=01;31:*.zst=01;31:*.tzst=01;31:*.bz2=01;31:*.bz=01;31:*.tbz=01;31:*.tbz2=01;31:*.tz=01;31:*.deb=01;31:*.rpm=01;31:*.jar=01;31:*.war=01;31:*.ear=01;31:*.sar=01;31:*.rar=01;31:*.alz=01;31:*.ace=01;31:*.zoo=01;31:*.cpio=01;31:*.7z=01;31:*.rz=01;31:*.cab=01;31:*.wim=01;31:*.swm=01;31:*.dwm=01;31:*.esd=01;31:*.jpg=01;35:*.jpeg=01;35:*.mjpg=01;35:*.mjpeg=01;35:*.gif=01;35:*.bmp=01;35:*.pbm=01;35:*.pgm=01;35:*.ppm=01;35:*.tga=01;35:*.xbm=01;35:*.xpm=01;35:*.tif=01;35:*.tiff=01;35:*.png=01;35:*.svg=01;35:*.svgz=01;35:*.mng=01;35:*.pcx=01;35:*.mov=01;35:*.mpg=01;35:*.mpeg=01;35:*.m2v=01;35:*.mkv=01;35:*.webm=01;35:*.ogm=01;35:*.mp4=01;35:*.m4v=01;35:*.mp4v=01;35:*.vob=01;35:*.qt=01;35:*.nuv=01;35:*.wmv=01;35:*.asf=01;35:*.rm=01;35:*.rmvb=01;35:*.flc=01;35:*.avi=01;35:*.fli=01;35:*.flv=01;35:*.gl=01;35:*.dl=01;35:*.xcf=01;35:*.xwd=01;35:*.yuv=01;35:*.cgm=01;35:*.emf=01;35:*.ogv=01;35:*.ogx=01;35:*.aac=00;36:*.au=00;36:*.flac=00;36:*.m4a=00;36:*.mid=00;36:*.midi=00;36:*.mka=00;36:*.mp3=00;36:*.mpc=00;36:*.ogg=00;36:*.ra=00;36:*.wav=00;36:*.oga=00;36:*.opus=00;36:*.spx=00;36:*.xspf=00;36:'), ('GNOME_TERMINAL_SERVICE', ':1.82'), ('SSH_AUTH_SOCK', '/run/user/1000/keyring/ssh'), ('ROS_DOMAIN_ID', '103'), ('AMENT_PREFIX_PATH', '/home/avees/coordinator/install/coordinator:/opt/ros/foxy'), ('SHELL', '/bin/bash'), ('QT_ACCESSIBILITY', '1'), ('GDMSESSION', 'ubuntu'), ('LESSCLOSE', '/usr/bin/lesspipe %s %s'), ('GPG_AGENT_INFO', '/run/user/1000/gnupg/S.gpg-agent:0:1'), ('GJS_DEBUG_OUTPUT', 'stderr'), ('QT_IM_MODULE', 'ibus'), ('PWD', '/home/avees/coordinator/build/coordinator'), ('XDG_CONFIG_DIRS', '/etc/xdg/xdg-ubuntu:/etc/xdg'), ('XDG_DATA_DIRS', '/usr/share/ubuntu:/usr/local/share/:/usr/share/:/var/lib/snapd/desktop'), ('PYTHONPATH', '/opt/ros/foxy/lib/python3.8/site-packages'), ('COLCON', '1'), ('GENICAM_GENTL64_PATH', ':/opt/Vimba_6_0/VimbaGigETL/CTI/arm_64bit'), ('VTE_VERSION', '6003'), ('CMAKE_PREFIX_PATH', '/home/avees/coordinator/install/coordinator')]), 'shell': False}
[0.087201] (coordinator) StdoutLine: {'line': b'-- Found ament_cmake: 0.9.12 (/opt/ros/foxy/share/ament_cmake/cmake)\n'}
[0.099428] (-) TimerEvent: {}
[0.131726] (coordinator) StdoutLine: {'line': b'-- Using PYTHON_EXECUTABLE: /usr/bin/python3\n'}
[0.199592] (-) TimerEvent: {}
[0.300196] (-) TimerEvent: {}
[0.400763] (-) TimerEvent: {}
[0.501367] (-) TimerEvent: {}
[0.508523] (coordinator) StdoutLine: {'line': b'-- Found rclcpp: 2.4.3 (/opt/ros/foxy/share/rclcpp/cmake)\n'}
[0.568366] (coordinator) StdoutLine: {'line': b'-- Using all available rosidl_typesupport_c: rosidl_typesupport_fastrtps_c;rosidl_typesupport_introspection_c\n'}
[0.574240] (coordinator) StdoutLine: {'line': b'-- Found rosidl_adapter: 1.3.1 (/opt/ros/foxy/share/rosidl_adapter/cmake)\n'}
[0.601439] (-) TimerEvent: {}
[0.701970] (-) TimerEvent: {}
[0.794307] (coordinator) StdoutLine: {'line': b'-- Using all available rosidl_typesupport_cpp: rosidl_typesupport_fastrtps_cpp;rosidl_typesupport_introspection_cpp\n'}
[0.802061] (-) TimerEvent: {}
[0.885129] (coordinator) StdoutLine: {'line': b'-- Found rmw_implementation_cmake: 1.0.4 (/opt/ros/foxy/share/rmw_implementation_cmake/cmake)\n'}
[0.887538] (coordinator) StdoutLine: {'line': b"-- Using RMW implementation 'rmw_fastrtps_cpp' as default\n"}
[0.902154] (-) TimerEvent: {}
[1.002607] (-) TimerEvent: {}
[1.103107] (-) TimerEvent: {}
[1.140972] (coordinator) StdoutLine: {'line': b'-- Found sensor_msgs: 2.0.5 (/opt/ros/foxy/share/sensor_msgs/cmake)\n'}
[1.203213] (-) TimerEvent: {}
[1.303690] (-) TimerEvent: {}
[1.341070] (coordinator) StdoutLine: {'line': b'-- Found camera_info_manager: 2.4.0 (/opt/ros/foxy/share/camera_info_manager/cmake)\n'}
[1.375400] (coordinator) StdoutLine: {'line': b"-- Setting yaml-cpp_DIR to: '/opt/ros/foxy/share/yaml_cpp_vendor/cmake/../../../opt/yaml_cpp_vendor/lib/cmake/yaml-cpp'\n"}
[1.403828] (-) TimerEvent: {}
[1.451398] (coordinator) StdoutLine: {'line': b'-- Found diagnostic_msgs: 2.0.5 (/opt/ros/foxy/share/diagnostic_msgs/cmake)\n'}
[1.503924] (-) TimerEvent: {}
[1.510253] (coordinator) StdoutLine: {'line': b'-- Found image_transport: 2.4.0 (/opt/ros/foxy/share/image_transport/cmake)\n'}
[1.578762] (coordinator) StdoutLine: {'line': b'-- Found cv_bridge: 3.0.7 (/opt/ros/foxy/share/cv_bridge/cmake)\n'}
[1.604026] (-) TimerEvent: {}
[1.693683] (coordinator) StdoutLine: {'line': b'-- Found ament_lint_auto: 0.9.8 (/opt/ros/foxy/share/ament_lint_auto/cmake)\n'}
[1.704131] (-) TimerEvent: {}
[1.786766] (coordinator) StderrLine: {'line': b"Error parsing '/home/avees/coordinator/package.xml':\n"}
[1.804225] (-) TimerEvent: {}
[1.904604] (-) TimerEvent: {}
[2.004978] (-) TimerEvent: {}
[2.019371] (coordinator) StderrLine: {'line': b'Traceback (most recent call last):\n'}
[2.019843] (coordinator) StderrLine: {'line': b'  File "/usr/lib/python3/dist-packages/catkin_pkg/package.py", line 610, in parse_package_string\n'}
[2.020113] (coordinator) StderrLine: {'line': b'    root = dom.parseString(data)\n'}
[2.020326] (coordinator) StderrLine: {'line': b'  File "/usr/lib/python3.8/xml/dom/minidom.py", line 1969, in parseString\n'}
[2.020529] (coordinator) StderrLine: {'line': b'    return expatbuilder.parseString(string)\n'}
[2.020760] (coordinator) StderrLine: {'line': b'  File "/usr/lib/python3.8/xml/dom/expatbuilder.py", line 925, in parseString\n'}
[2.020954] (coordinator) StderrLine: {'line': b'    return builder.parseString(string)\n'}
[2.021141] (coordinator) StderrLine: {'line': b'  File "/usr/lib/python3.8/xml/dom/expatbuilder.py", line 223, in parseString\n'}
[2.021326] (coordinator) StderrLine: {'line': b'    parser.Parse(string, True)\n'}
[2.021506] (coordinator) StderrLine: {'line': b'xml.parsers.expat.ExpatError: junk after document element: line 26, column 2\n'}
[2.021685] (coordinator) StderrLine: {'line': b'\n'}
[2.021864] (coordinator) StderrLine: {'line': b'During handling of the above exception, another exception occurred:\n'}
[2.022043] (coordinator) StderrLine: {'line': b'\n'}
[2.022220] (coordinator) StderrLine: {'line': b'Traceback (most recent call last):\n'}
[2.022399] (coordinator) StderrLine: {'line': b'  File "/opt/ros/foxy/share/ament_cmake_core/cmake/core/package_xml_2_cmake.py", line 143, in <module>\n'}
[2.022579] (coordinator) StderrLine: {'line': b'    main()\n'}
[2.022902] (coordinator) StderrLine: {'line': b'  File "/opt/ros/foxy/share/ament_cmake_core/cmake/core/package_xml_2_cmake.py", line 52, in main\n'}
[2.023142] (coordinator) StderrLine: {'line': b'    raise e\n'}
[2.023361] (coordinator) StderrLine: {'line': b'  File "/opt/ros/foxy/share/ament_cmake_core/cmake/core/package_xml_2_cmake.py", line 48, in main\n'}
[2.023576] (coordinator) StderrLine: {'line': b'    package = parse_package_string(\n'}
[2.023786] (coordinator) StderrLine: {'line': b'  File "/usr/lib/python3/dist-packages/catkin_pkg/package.py", line 612, in parse_package_string\n'}
[2.023996] (coordinator) StderrLine: {'line': b"    raise InvalidPackage('The manifest contains invalid XML:\\n%s' % ex, filename)\n"}
[2.024209] (coordinator) StderrLine: {'line': b"catkin_pkg.package.InvalidPackage: Error(s) in package '/home/avees/coordinator/package.xml':\n"}
[2.024420] (coordinator) StderrLine: {'line': b'The manifest contains invalid XML:\n'}
[2.024630] (coordinator) StderrLine: {'line': b'junk after document element: line 26, column 2\n'}
[2.082830] (coordinator) StderrLine: {'line': b'CMake Error at /opt/ros/foxy/share/ament_cmake_core/cmake/core/ament_package_xml.cmake:94 (message):\n'}
[2.083176] (coordinator) StderrLine: {'line': b'  execute_process(/usr/bin/python3\n'}
[2.083414] (coordinator) StderrLine: {'line': b'  /opt/ros/foxy/share/ament_cmake_core/cmake/core/package_xml_2_cmake.py\n'}
[2.083630] (coordinator) StderrLine: {'line': b'  /home/avees/coordinator/package.xml\n'}
[2.083835] (coordinator) StderrLine: {'line': b'  /home/avees/coordinator/build/coordinator/ament_cmake_core/package.cmake)\n'}
[2.084031] (coordinator) StderrLine: {'line': b'  returned error code 1\n'}
[2.084221] (coordinator) StderrLine: {'line': b'Call Stack (most recent call first):\n'}
[2.084408] (coordinator) StderrLine: {'line': b'  /opt/ros/foxy/share/ament_cmake_core/cmake/core/ament_package_xml.cmake:49 (_ament_package_xml)\n'}
[2.084595] (coordinator) StderrLine: {'line': b'  /opt/ros/foxy/share/ament_lint_auto/cmake/ament_lint_auto_find_test_dependencies.cmake:31 (ament_package_xml)\n'}
[2.084778] (coordinator) StderrLine: {'line': b'  CMakeLists.txt:66 (ament_lint_auto_find_test_dependencies)\n'}
[2.084960] (coordinator) StderrLine: {'line': b'\n'}
[2.085143] (coordinator) StderrLine: {'line': b'\n'}
[2.087982] (coordinator) StdoutLine: {'line': b'-- Configuring incomplete, errors occurred!\n'}
[2.088277] (coordinator) StdoutLine: {'line': b'See also "/home/avees/coordinator/build/coordinator/CMakeFiles/CMakeOutput.log".\n'}
[2.088525] (coordinator) StdoutLine: {'line': b'See also "/home/avees/coordinator/build/coordinator/CMakeFiles/CMakeError.log".\n'}
[2.105069] (-) TimerEvent: {}
[2.107504] (coordinator) StderrLine: {'line': b'make: *** [Makefile:1136: cmake_check_build_system] Error 1\n'}
[2.112178] (coordinator) CommandEnded: {'returncode': 2}
[2.113660] (coordinator) JobEnded: {'identifier': 'coordinator', 'rc': 2}
[2.123276] (-) EventReactorShutdown: {}
