[0.025s] Invoking command in '/home/avees/coordinator/build/coordinator': /usr/bin/cmake --build /home/avees/coordinator/build/coordinator -- -j6 -l6
[0.086s] -- Found ament_cmake: 0.9.12 (/opt/ros/foxy/share/ament_cmake/cmake)
[0.131s] -- Using PYTHON_EXECUTABLE: /usr/bin/python3
[0.507s] -- Found rclcpp: 2.4.3 (/opt/ros/foxy/share/rclcpp/cmake)
[0.567s] -- Using all available rosidl_typesupport_c: rosidl_typesupport_fastrtps_c;rosidl_typesupport_introspection_c
[0.573s] -- Found rosidl_adapter: 1.3.1 (/opt/ros/foxy/share/rosidl_adapter/cmake)
[0.793s] -- Using all available rosidl_typesupport_cpp: rosidl_typesupport_fastrtps_cpp;rosidl_typesupport_introspection_cpp
[0.884s] -- Found rmw_implementation_cmake: 1.0.4 (/opt/ros/foxy/share/rmw_implementation_cmake/cmake)
[0.886s] -- Using RMW implementation 'rmw_fastrtps_cpp' as default
[1.140s] -- Found sensor_msgs: 2.0.5 (/opt/ros/foxy/share/sensor_msgs/cmake)
[1.340s] -- Found camera_info_manager: 2.4.0 (/opt/ros/foxy/share/camera_info_manager/cmake)
[1.374s] -- Setting yaml-cpp_DIR to: '/opt/ros/foxy/share/yaml_cpp_vendor/cmake/../../../opt/yaml_cpp_vendor/lib/cmake/yaml-cpp'
[1.450s] -- Found diagnostic_msgs: 2.0.5 (/opt/ros/foxy/share/diagnostic_msgs/cmake)
[1.509s] -- Found image_transport: 2.4.0 (/opt/ros/foxy/share/image_transport/cmake)
[1.578s] -- Found cv_bridge: 3.0.7 (/opt/ros/foxy/share/cv_bridge/cmake)
[1.693s] -- Found ament_lint_auto: 0.9.8 (/opt/ros/foxy/share/ament_lint_auto/cmake)
[1.786s] Error parsing '/home/avees/coordinator/package.xml':
[2.018s] Traceback (most recent call last):
[2.019s]   File "/usr/lib/python3/dist-packages/catkin_pkg/package.py", line 610, in parse_package_string
[2.019s]     root = dom.parseString(data)
[2.019s]   File "/usr/lib/python3.8/xml/dom/minidom.py", line 1969, in parseString
[2.019s]     return expatbuilder.parseString(string)
[2.019s]   File "/usr/lib/python3.8/xml/dom/expatbuilder.py", line 925, in parseString
[2.020s]     return builder.parseString(string)
[2.020s]   File "/usr/lib/python3.8/xml/dom/expatbuilder.py", line 223, in parseString
[2.020s]     parser.Parse(string, True)
[2.020s] xml.parsers.expat.ExpatError: junk after document element: line 26, column 2
[2.020s] 
[2.021s] During handling of the above exception, another exception occurred:
[2.021s] 
[2.021s] Traceback (most recent call last):
[2.021s]   File "/opt/ros/foxy/share/ament_cmake_core/cmake/core/package_xml_2_cmake.py", line 143, in <module>
[2.021s]     main()
[2.022s]   File "/opt/ros/foxy/share/ament_cmake_core/cmake/core/package_xml_2_cmake.py", line 52, in main
[2.022s]     raise e
[2.022s]   File "/opt/ros/foxy/share/ament_cmake_core/cmake/core/package_xml_2_cmake.py", line 48, in main
[2.022s]     package = parse_package_string(
[2.023s]   File "/usr/lib/python3/dist-packages/catkin_pkg/package.py", line 612, in parse_package_string
[2.023s]     raise InvalidPackage('The manifest contains invalid XML:\n%s' % ex, filename)
[2.023s] catkin_pkg.package.InvalidPackage: Error(s) in package '/home/avees/coordinator/package.xml':
[2.023s] The manifest contains invalid XML:
[2.023s] junk after document element: line 26, column 2
[2.082s] CMake Error at /opt/ros/foxy/share/ament_cmake_core/cmake/core/ament_package_xml.cmake:94 (message):
[2.082s]   execute_process(/usr/bin/python3
[2.082s]   /opt/ros/foxy/share/ament_cmake_core/cmake/core/package_xml_2_cmake.py
[2.082s]   /home/avees/coordinator/package.xml
[2.083s]   /home/avees/coordinator/build/coordinator/ament_cmake_core/package.cmake)
[2.083s]   returned error code 1
[2.083s] Call Stack (most recent call first):
[2.083s]   /opt/ros/foxy/share/ament_cmake_core/cmake/core/ament_package_xml.cmake:49 (_ament_package_xml)
[2.083s]   /opt/ros/foxy/share/ament_lint_auto/cmake/ament_lint_auto_find_test_dependencies.cmake:31 (ament_package_xml)
[2.084s]   CMakeLists.txt:66 (ament_lint_auto_find_test_dependencies)
[2.084s] 
[2.084s] 
[2.087s] -- Configuring incomplete, errors occurred!
[2.087s] See also "/home/avees/coordinator/build/coordinator/CMakeFiles/CMakeOutput.log".
[2.087s] See also "/home/avees/coordinator/build/coordinator/CMakeFiles/CMakeError.log".
[2.106s] make: *** [Makefile:1136: cmake_check_build_system] Error 1
[2.111s] Invoked command in '/home/avees/coordinator/build/coordinator' returned '2': /usr/bin/cmake --build /home/avees/coordinator/build/coordinator -- -j6 -l6
